// Jest Snapshot v1, https://goo.gl/fbAQLP

exports[`Cart is rendered properly Renders "Add items to your cart" when no items are passed 1`] = `
<div>
  <div
    class="cart"
  >
    <h1>
      Your Cart
    </h1>
    <div
      class="items"
      role="list"
    >
      <h2>
         Add items to your cart
      </h2>
    </div>
    <div
      class="checkout"
    >
      <div
        class="cart-total"
      >
        <span>
          Total: 
        </span>
        <span
          aria-label="total"
        >
          0.00
        </span>
      </div>
    </div>
  </div>
</div>
`;
